ffmpeg version 8.1.2 Copyright (c) 2000-2026 the FFmpeg developers
  built with Apple clang version 16.0.0 (clang-1600.0.26.6)
  configuration: --prefix=/opt/homebrew/Cellar/ffmpeg/8.1.2 --enable-shared --enable-pthreads --enable-version3 --cc=clang --host-cflags= --host-ldflags= --enable-ffplay --enable-gpl --enable-libsvtav1 --enable-libopus --enable-libx264 --enable-libmp3lame --enable-libdav1d --enable-libvmaf --enable-libvpx --enable-libx265 --enable-openssl --enable-videotoolbox --enable-audiotoolbox --enable-neon
  libavutil      60. 26.102 / 60. 26.102
  libavcodec     62. 28.102 / 62. 28.102
  libavformat    62. 12.102 / 62. 12.102
  libavdevice    62.  3.102 / 62.  3.102
  libavfilter    11. 14.102 / 11. 14.102
  libswscale      9.  5.102 /  9.  5.102
  libswresample   6.  3.102 /  6.  3.102
Input #0, image2, from 'hevc/frames/atack/f%03d.png':
  Duration: 00:00:01.07, start: 0.000000, bitrate: N/A
  Stream #0:0: Video: png, rgba(pc, gbr/unknown/unknown), 1094x1197, 30 fps, 30 tbr, 30 tbn
Stream mapping:
  Stream #0:0 -> #0:0 (png (native) -> hevc (hevc_videotoolbox))
Press [q] to stop, [?] for help
IOServiceMatchingfailed for: AppleM2ScalerCSCDriver
Output #0, mov, to 'hevc/out/mort_atack.mov':
  Metadata:
    encoder         : Lavf62.12.102
  Stream #0:0: Video: hevc (hvc1 / 0x31637668), bgra(pc, gbr/unknown/unknown, progressive), 1094x1197, q=2-31, 30 fps, 15360 tbn
    Metadata:
      encoder         : Lavc62.28.102 hevc_videotoolbox
frame=    2 fps=0.0 q=-0.0 size=       0KiB time=00:00:00.03 bitrate=   8.6kbits/s speed=0.062x elapsed=0:00:00.53    frame=    7 fps=6.3 q=-0.0 size=       0KiB time=00:00:00.20 bitrate=   1.4kbits/s speed=0.18x elapsed=0:00:01.11    frame=   11 fps=6.6 q=-0.0 size=       0KiB time=00:00:00.33 bitrate=   0.9kbits/s speed=0.198x elapsed=0:00:01.67    frame=   14 fps=6.3 q=-0.0 size=       0KiB time=00:00:00.43 bitrate=   0.7kbits/s speed=0.196x elapsed=0:00:02.20    frame=   18 fps=6.6 q=-0.0 size=       0KiB time=00:00:00.56 bitrate=   0.5kbits/s speed=0.209x elapsed=0:00:02.70    frame=   23 fps=7.0 q=-0.0 size=     256KiB time=00:00:00.73 bitrate=2860.1kbits/s speed=0.224x elapsed=0:00:03.27    frame=   27 fps=7.1 q=-0.0 size=     256KiB time=00:00:00.86 bitrate=2420.1kbits/s speed=0.229x elapsed=0:00:03.77    [mov @ 0x146805360] Starting second pass: moving the moov atom to the beginning of the file
[out#0/mov @ 0x6000023d0180] video:400KiB audio:0KiB subtitle:0KiB other streams:0KiB global headers:0KiB muxing overhead: 0.260963%
frame=   32 fps=8.2 q=-0.0 Lsize=     401KiB time=00:00:01.03 bitrate=3176.7kbits/s speed=0.264x elapsed=0:00:03.91    
