ffmpeg version 8.1.2 Copyright (c) 2000-2026 the FFmpeg developers
  built with Apple clang version 16.0.0 (clang-1600.0.26.6)
  configuration: --prefix=/opt/homebrew/Cellar/ffmpeg/8.1.2 --enable-shared --enable-pthreads --enable-version3 --cc=clang --host-cflags= --host-ldflags= --enable-ffplay --enable-gpl --enable-libsvtav1 --enable-libopus --enable-libx264 --enable-libmp3lame --enable-libdav1d --enable-libvmaf --enable-libvpx --enable-libx265 --enable-openssl --enable-videotoolbox --enable-audiotoolbox --enable-neon
  libavutil      60. 26.102 / 60. 26.102
  libavcodec     62. 28.102 / 62. 28.102
  libavformat    62. 12.102 / 62. 12.102
  libavdevice    62.  3.102 / 62.  3.102
  libavfilter    11. 14.102 / 11. 14.102
  libswscale      9.  5.102 /  9.  5.102
  libswresample   6.  3.102 /  6.  3.102
Input #0, image2, from 'hevc/frames/fail/f%03d.png':
  Duration: 00:00:02.67, start: 0.000000, bitrate: N/A
  Stream #0:0: Video: png, rgba(pc, gbr/unknown/unknown), 962x1161, 24 fps, 24 tbr, 24 tbn
Stream mapping:
  Stream #0:0 -> #0:0 (png (native) -> hevc (hevc_videotoolbox))
Press [q] to stop, [?] for help
IOServiceMatchingfailed for: AppleM2ScalerCSCDriver
Output #0, mov, to 'hevc/out/mort_fail.mov':
  Metadata:
    encoder         : Lavf62.12.102
  Stream #0:0: Video: hevc (hvc1 / 0x31637668), bgra(pc, gbr/unknown/unknown, progressive), 962x1161, q=2-31, 24 fps, 12288 tbn
    Metadata:
      encoder         : Lavc62.28.102 hevc_videotoolbox
frame=    1 fps=0.0 q=-0.0 size=       0KiB time=00:00:00.00 bitrate=N/A speed=   0x elapsed=0:00:00.57    frame=    7 fps=5.8 q=-0.0 size=       0KiB time=00:00:00.25 bitrate=   1.2kbits/s speed=0.209x elapsed=0:00:01.19    frame=   11 fps=6.1 q=-0.0 size=       0KiB time=00:00:00.41 bitrate=   0.7kbits/s speed=0.232x elapsed=0:00:01.79    frame=   14 fps=5.9 q=-0.0 size=       0KiB time=00:00:00.54 bitrate=   0.5kbits/s speed=0.227x elapsed=0:00:02.38    frame=   20 fps=6.7 q=-0.0 size=       0KiB time=00:00:00.79 bitrate=   0.4kbits/s speed=0.267x elapsed=0:00:02.96    frame=   24 fps=6.7 q=-0.0 size=       0KiB time=00:00:00.95 bitrate=   0.3kbits/s speed=0.268x elapsed=0:00:03.57    frame=   35 fps=8.3 q=-0.0 size=     256KiB time=00:00:01.41 bitrate=1480.5kbits/s speed=0.336x elapsed=0:00:04.21    frame=   46 fps=9.6 q=-0.0 size=     256KiB time=00:00:01.87 bitrate=1118.6kbits/s speed=0.392x elapsed=0:00:04.78    frame=   55 fps= 10 q=-0.0 size=     256KiB time=00:00:02.25 bitrate= 932.2kbits/s speed=0.425x elapsed=0:00:05.29    [mov @ 0x13e704680] Starting second pass: moving the moov atom to the beginning of the file
[out#0/mov @ 0x600001cc40c0] video:406KiB audio:0KiB subtitle:0KiB other streams:0KiB global headers:0KiB muxing overhead: 0.290590%
frame=   64 fps= 11 q=-0.0 Lsize=     407KiB time=00:00:02.62 bitrate=1270.6kbits/s speed=0.459x elapsed=0:00:05.71    
