ffmpeg version 8.1.2 Copyright (c) 2000-2026 the FFmpeg developers
  built with Apple clang version 16.0.0 (clang-1600.0.26.6)
  configuration: --prefix=/opt/homebrew/Cellar/ffmpeg/8.1.2 --enable-shared --enable-pthreads --enable-version3 --cc=clang --host-cflags= --host-ldflags= --enable-ffplay --enable-gpl --enable-libsvtav1 --enable-libopus --enable-libx264 --enable-libmp3lame --enable-libdav1d --enable-libvmaf --enable-libvpx --enable-libx265 --enable-openssl --enable-videotoolbox --enable-audiotoolbox --enable-neon
  libavutil      60. 26.102 / 60. 26.102
  libavcodec     62. 28.102 / 62. 28.102
  libavformat    62. 12.102 / 62. 12.102
  libavdevice    62.  3.102 / 62.  3.102
  libavfilter    11. 14.102 / 11. 14.102
  libswscale      9.  5.102 /  9.  5.102
  libswresample   6.  3.102 /  6.  3.102
Input #0, image2, from 'hevc/frames/idle/f%03d.png':
  Duration: 00:00:03.33, start: 0.000000, bitrate: N/A
  Stream #0:0: Video: png, rgba(pc, gbr/unknown/unknown), 460x710 [SAR 2835:2835 DAR 46:71], 12 fps, 12 tbr, 12 tbn
Stream mapping:
  Stream #0:0 -> #0:0 (png (native) -> hevc (hevc_videotoolbox))
Press [q] to stop, [?] for help
IOServiceMatchingfailed for: AppleM2ScalerCSCDriver
Output #0, mov, to 'hevc/out/mort_idle.mov':
  Metadata:
    encoder         : Lavf62.12.102
  Stream #0:0: Video: hevc (hvc1 / 0x31637668), bgra(pc, gbr/unknown/unknown, progressive), 460x710 [SAR 1:1 DAR 46:71], q=2-31, 12 fps, 12288 tbn
    Metadata:
      encoder         : Lavc62.28.102 hevc_videotoolbox
frame=    6 fps=0.0 q=-0.0 size=       0KiB time=00:00:00.41 bitrate=   0.7kbits/s speed=0.733x elapsed=0:00:00.56    frame=   16 fps= 15 q=-0.0 size=       0KiB time=00:00:01.25 bitrate=   0.2kbits/s speed=1.15x elapsed=0:00:01.08    frame=   26 fps= 16 q=-0.0 size=       0KiB time=00:00:02.08 bitrate=   0.1kbits/s speed=1.29x elapsed=0:00:01.61    frame=   35 fps= 16 q=-0.0 size=       0KiB time=00:00:02.83 bitrate=   0.1kbits/s speed=1.33x elapsed=0:00:02.12    [mov @ 0x123e06610] Starting second pass: moving the moov atom to the beginning of the file
[out#0/mov @ 0x600001d083c0] video:275KiB audio:0KiB subtitle:0KiB other streams:0KiB global headers:0KiB muxing overhead: 0.400888%
frame=   40 fps= 18 q=-0.0 Lsize=     276KiB time=00:00:03.25 bitrate= 696.0kbits/s speed=1.49x elapsed=0:00:02.18    
