ffmpeg version 8.1.1 Copyright (c) 2000-2026 the FFmpeg developers
  built with Apple clang version 16.0.0 (clang-1600.0.26.6)
  configuration: --prefix=/opt/homebrew/Cellar/ffmpeg/8.1.1 --enable-shared --enable-pthreads --enable-version3 --cc=clang --host-cflags= --host-ldflags= --enable-ffplay --enable-gpl --enable-libsvtav1 --enable-libopus --enable-libx264 --enable-libmp3lame --enable-libdav1d --enable-libvmaf --enable-libvpx --enable-libx265 --enable-openssl --enable-videotoolbox --enable-audiotoolbox --enable-neon
  libavutil      60. 26.101 / 60. 26.101
  libavcodec     62. 28.101 / 62. 28.101
  libavformat    62. 12.101 / 62. 12.101
  libavdevice    62.  3.101 / 62.  3.101
  libavfilter    11. 14.101 / 11. 14.101
  libswscale      9.  5.101 /  9.  5.101
  libswresample   6.  3.101 /  6.  3.101
Input #0, image2, from 'hevc/frames/jump/f%03d.png':
  Duration: 00:00:00.67, start: 0.000000, bitrate: N/A
  Stream #0:0: Video: png, rgba(pc, gbr/unknown/unknown), 771x1333, 30 fps, 30 tbr, 30 tbn
Stream mapping:
  Stream #0:0 -> #0:0 (png (native) -> hevc (hevc_videotoolbox))
Press [q] to stop, [?] for help
IOServiceMatchingfailed for: AppleM2ScalerCSCDriver
Output #0, mov, to 'hevc/out/mort_jump.mov':
  Metadata:
    encoder         : Lavf62.12.101
  Stream #0:0: Video: hevc (hvc1 / 0x31637668), bgra(pc, gbr/unknown/unknown, progressive), 771x1333, q=2-31, 30 fps, 15360 tbn
    Metadata:
      encoder         : Lavc62.28.101 hevc_videotoolbox
frame=    0 fps=0.0 q=0.0 size=       0KiB time=N/A bitrate=N/A speed=N/A elapsed=0:00:01.09    frame=    3 fps=1.8 q=-0.0 size=       0KiB time=00:00:00.06 bitrate=   4.3kbits/s speed=0.041x elapsed=0:00:01.62    frame=    7 fps=3.2 q=-0.0 size=       0KiB time=00:00:00.20 bitrate=   1.4kbits/s speed=0.0916x elapsed=0:00:02.18    frame=   11 fps=4.1 q=-0.0 size=       0KiB time=00:00:00.33 bitrate=   0.9kbits/s speed=0.124x elapsed=0:00:02.69    frame=   14 fps=4.3 q=-0.0 size=       0KiB time=00:00:00.43 bitrate=   0.7kbits/s speed=0.133x elapsed=0:00:03.26    [mov @ 0x120704740] Starting second pass: moving the moov atom to the beginning of the file
[out#0/mov @ 0x6000033500c0] video:192KiB audio:0KiB subtitle:0KiB other streams:0KiB global headers:0KiB muxing overhead: 0.515652%
frame=   20 fps=5.6 q=-0.0 Lsize=     193KiB time=00:00:00.63 bitrate=2499.2kbits/s speed=0.178x elapsed=0:00:03.56    
