ffmpeg version 8.1.2 Copyright (c) 2000-2026 the FFmpeg developers
  built with Apple clang version 16.0.0 (clang-1600.0.26.6)
  configuration: --prefix=/opt/homebrew/Cellar/ffmpeg/8.1.2 --enable-shared --enable-pthreads --enable-version3 --cc=clang --host-cflags= --host-ldflags= --enable-ffplay --enable-gpl --enable-libsvtav1 --enable-libopus --enable-libx264 --enable-libmp3lame --enable-libdav1d --enable-libvmaf --enable-libvpx --enable-libx265 --enable-openssl --enable-videotoolbox --enable-audiotoolbox --enable-neon
  libavutil      60. 26.102 / 60. 26.102
  libavcodec     62. 28.102 / 62. 28.102
  libavformat    62. 12.102 / 62. 12.102
  libavdevice    62.  3.102 / 62.  3.102
  libavfilter    11. 14.102 / 11. 14.102
  libswscale      9.  5.102 /  9.  5.102
  libswresample   6.  3.102 /  6.  3.102
Input #0, image2, from 'hevc/frames/mice_minecraft_bat/f%03d.png':
  Duration: 00:00:03.00, start: 0.000000, bitrate: N/A
  Stream #0:0: Video: png, rgba(pc, gbr/unknown/unknown), 320x320, 60 fps, 60 tbr, 60 tbn
Stream mapping:
  Stream #0:0 -> #0:0 (png (native) -> hevc (hevc_videotoolbox))
Press [q] to stop, [?] for help
[hevc_videotoolbox @ 0x139f05fe0] Error setting alpha quality: -12902
IOServiceMatchingfailed for: AppleM2ScalerCSCDriver
    Last message repeated 1 times
Output #0, mov, to 'hevc/out/mort_mice_minecraft_bat.mov':
  Metadata:
    encoder         : Lavf62.12.102
  Stream #0:0: Video: hevc (hvc1 / 0x31637668), bgra(pc, gbr/unknown/unknown, progressive), 320x320, q=2-31, 60 fps, 15360 tbn
    Metadata:
      encoder         : Lavc62.28.102 hevc_videotoolbox
frame=   17 fps=0.0 q=-0.0 size=       0KiB time=00:00:00.26 bitrate=   1.1kbits/s speed=0.429x elapsed=0:00:00.62    frame=   38 fps= 30 q=-0.0 size=       0KiB time=00:00:00.61 bitrate=   0.5kbits/s speed=0.494x elapsed=0:00:01.24    frame=   54 fps= 30 q=-0.0 size=       0KiB time=00:00:00.88 bitrate=   0.3kbits/s speed=0.492x elapsed=0:00:01.79    frame=   69 fps= 29 q=-0.0 size=     256KiB time=00:00:01.13 bitrate=1850.7kbits/s speed=0.472x elapsed=0:00:02.39    frame=   83 fps= 28 q=-0.0 size=     256KiB time=00:00:01.36 bitrate=1534.7kbits/s speed=0.456x elapsed=0:00:02.99    frame=   94 fps= 27 q=-0.0 size=     256KiB time=00:00:01.55 bitrate=1353.2kbits/s speed=0.44x elapsed=0:00:03.52    frame=  107 fps= 26 q=-0.0 size=     512KiB time=00:00:01.76 bitrate=2374.3kbits/s speed=0.423x elapsed=0:00:04.17    frame=  116 fps= 25 q=-0.0 size=     512KiB time=00:00:01.91 bitrate=2188.5kbits/s speed=0.41x elapsed=0:00:04.67    frame=  122 fps= 24 q=-0.0 size=     512KiB time=00:00:02.01 bitrate=2080.0kbits/s speed=0.389x elapsed=0:00:05.18    frame=  130 fps= 23 q=-0.0 size=     512KiB time=00:00:02.15 bitrate=1951.0kbits/s speed=0.378x elapsed=0:00:05.69    frame=  152 fps= 25 q=-0.0 size=     768KiB time=00:00:02.51 bitrate=2500.0kbits/s speed=0.406x elapsed=0:00:06.19    frame=  173 fps= 26 q=-0.0 size=     768KiB time=00:00:02.86 bitrate=2194.8kbits/s speed=0.428x elapsed=0:00:06.69    [mov @ 0x139f05360] Starting second pass: moving the moov atom to the beginning of the file
[out#0/mov @ 0x6000003cc180] video:862KiB audio:0KiB subtitle:0KiB other streams:0KiB global headers:0KiB muxing overhead: 0.193145%
frame=  180 fps= 27 q=-0.0 Lsize=     863KiB time=00:00:02.98 bitrate=2370.4kbits/s speed=0.44x elapsed=0:00:06.77    
