ffmpeg version 8.1.2 Copyright (c) 2000-2026 the FFmpeg developers
  built with Apple clang version 16.0.0 (clang-1600.0.26.6)
  configuration: --prefix=/opt/homebrew/Cellar/ffmpeg/8.1.2 --enable-shared --enable-pthreads --enable-version3 --cc=clang --host-cflags= --host-ldflags= --enable-ffplay --enable-gpl --enable-libsvtav1 --enable-libopus --enable-libx264 --enable-libmp3lame --enable-libdav1d --enable-libvmaf --enable-libvpx --enable-libx265 --enable-openssl --enable-videotoolbox --enable-audiotoolbox --enable-neon
  libavutil      60. 26.102 / 60. 26.102
  libavcodec     62. 28.102 / 62. 28.102
  libavformat    62. 12.102 / 62. 12.102
  libavdevice    62.  3.102 / 62.  3.102
  libavfilter    11. 14.102 / 11. 14.102
  libswscale      9.  5.102 /  9.  5.102
  libswresample   6.  3.102 /  6.  3.102
Input #0, image2, from 'hevc/frames/mice_glitch_bat/f%03d.png':
  Duration: 00:00:03.00, start: 0.000000, bitrate: N/A
  Stream #0:0: Video: png, rgba(pc, gbr/unknown/unknown), 320x320, 60 fps, 60 tbr, 60 tbn
Stream mapping:
  Stream #0:0 -> #0:0 (png (native) -> hevc (hevc_videotoolbox))
Press [q] to stop, [?] for help
[hevc_videotoolbox @ 0x121606230] Error setting alpha quality: -12902
IOServiceMatchingfailed for: AppleM2ScalerCSCDriver
    Last message repeated 1 times
Output #0, mov, to 'hevc/out/mort_mice_glitch_bat.mov':
  Metadata:
    encoder         : Lavf62.12.102
  Stream #0:0: Video: hevc (hvc1 / 0x31637668), bgra(pc, gbr/unknown/unknown, progressive), 320x320, q=2-31, 60 fps, 15360 tbn
    Metadata:
      encoder         : Lavc62.28.102 hevc_videotoolbox
frame=    6 fps=0.0 q=-0.0 size=       0KiB time=00:00:00.08 bitrate=   3.5kbits/s speed=0.159x elapsed=0:00:00.52    frame=   20 fps= 17 q=-0.0 size=       0KiB time=00:00:00.31 bitrate=   0.9kbits/s speed=0.275x elapsed=0:00:01.15    frame=   33 fps= 19 q=-0.0 size=       0KiB time=00:00:00.53 bitrate=   0.5kbits/s speed=0.303x elapsed=0:00:01.75    frame=   44 fps= 19 q=-0.0 size=     256KiB time=00:00:00.71 bitrate=2926.7kbits/s speed=0.316x elapsed=0:00:02.26    frame=   57 fps= 20 q=-0.0 size=     256KiB time=00:00:00.93 bitrate=2247.3kbits/s speed=0.322x elapsed=0:00:02.90    frame=   66 fps= 19 q=-0.0 size=     256KiB time=00:00:01.08 bitrate=1936.1kbits/s speed=0.317x elapsed=0:00:03.41    frame=   80 fps= 20 q=-0.0 size=     256KiB time=00:00:01.31 bitrate=1593.0kbits/s speed=0.336x elapsed=0:00:03.91    frame=   95 fps= 21 q=-0.0 size=     512KiB time=00:00:01.56 bitrate=2677.4kbits/s speed=0.345x elapsed=0:00:04.54    frame=  112 fps= 22 q=-0.0 size=     512KiB time=00:00:01.85 bitrate=2267.3kbits/s speed=0.362x elapsed=0:00:05.11    frame=  123 fps= 22 q=-0.0 size=     512KiB time=00:00:02.03 bitrate=2062.9kbits/s speed=0.36x elapsed=0:00:05.65    frame=  133 fps= 21 q=-0.0 size=     768KiB time=00:00:02.20 bitrate=2859.9kbits/s speed=0.352x elapsed=0:00:06.24    frame=  143 fps= 21 q=-0.0 size=     768KiB time=00:00:02.36 bitrate=2658.5kbits/s speed=0.351x elapsed=0:00:06.74    frame=  153 fps= 21 q=-0.0 size=     768KiB time=00:00:02.53 bitrate=2483.6kbits/s speed=0.347x elapsed=0:00:07.29    frame=  166 fps= 21 q=-0.0 size=    1024KiB time=00:00:02.75 bitrate=3050.5kbits/s speed=0.348x elapsed=0:00:07.90    frame=  175 fps= 21 q=-0.0 size=    1024KiB time=00:00:02.90 bitrate=2892.7kbits/s speed=0.345x elapsed=0:00:08.41    [mov @ 0x121605200] Starting second pass: moving the moov atom to the beginning of the file
[out#0/mov @ 0x600002cb0300] video:1137KiB audio:0KiB subtitle:0KiB other streams:0KiB global headers:0KiB muxing overhead: 0.147787%
frame=  180 fps= 21 q=-0.0 Lsize=    1138KiB time=00:00:02.98 bitrate=3125.5kbits/s speed=0.354x elapsed=0:00:08.41    
