ffmpeg version 8.1.2 Copyright (c) 2000-2026 the FFmpeg developers
  built with Apple clang version 16.0.0 (clang-1600.0.26.6)
  configuration: --prefix=/opt/homebrew/Cellar/ffmpeg/8.1.2 --enable-shared --enable-pthreads --enable-version3 --cc=clang --host-cflags= --host-ldflags= --enable-ffplay --enable-gpl --enable-libsvtav1 --enable-libopus --enable-libx264 --enable-libmp3lame --enable-libdav1d --enable-libvmaf --enable-libvpx --enable-libx265 --enable-openssl --enable-videotoolbox --enable-audiotoolbox --enable-neon
  libavutil      60. 26.102 / 60. 26.102
  libavcodec     62. 28.102 / 62. 28.102
  libavformat    62. 12.102 / 62. 12.102
  libavdevice    62.  3.102 / 62.  3.102
  libavfilter    11. 14.102 / 11. 14.102
  libswscale      9.  5.102 /  9.  5.102
  libswresample   6.  3.102 /  6.  3.102
Input #0, image2, from 'hevc/frames/mice_fire_bat/f%03d.png':
  Duration: 00:00:03.00, start: 0.000000, bitrate: N/A
  Stream #0:0: Video: png, rgba(pc, gbr/unknown/unknown), 320x320, 60 fps, 60 tbr, 60 tbn
Stream mapping:
  Stream #0:0 -> #0:0 (png (native) -> hevc (hevc_videotoolbox))
Press [q] to stop, [?] for help
[hevc_videotoolbox @ 0x125606680] Error setting alpha quality: -12902
IOServiceMatchingfailed for: AppleM2ScalerCSCDriver
    Last message repeated 1 times
Output #0, mov, to 'hevc/out/mort_mice_fire_bat.mov':
  Metadata:
    encoder         : Lavf62.12.102
  Stream #0:0: Video: hevc (hvc1 / 0x31637668), bgra(pc, gbr/unknown/unknown, progressive), 320x320, q=2-31, 60 fps, 15360 tbn
    Metadata:
      encoder         : Lavc62.28.102 hevc_videotoolbox
frame=    9 fps=0.0 q=-0.0 size=       0KiB time=00:00:00.13 bitrate=   2.2kbits/s speed=0.253x elapsed=0:00:00.52    frame=   23 fps= 21 q=-0.0 size=       0KiB time=00:00:00.36 bitrate=   0.8kbits/s speed=0.329x elapsed=0:00:01.11    frame=   35 fps= 21 q=-0.0 size=     256KiB time=00:00:00.56 bitrate=3701.4kbits/s speed=0.344x elapsed=0:00:01.64    frame=   47 fps= 22 q=-0.0 size=     256KiB time=00:00:00.76 bitrate=2735.8kbits/s speed=0.357x elapsed=0:00:02.14    frame=   59 fps= 22 q=-0.0 size=     256KiB time=00:00:00.96 bitrate=2169.8kbits/s speed=0.359x elapsed=0:00:02.68    frame=   70 fps= 22 q=-0.0 size=     512KiB time=00:00:01.15 bitrate=3647.5kbits/s speed=0.36x elapsed=0:00:03.19    frame=   81 fps= 22 q=-0.0 size=     512KiB time=00:00:01.33 bitrate=3145.9kbits/s speed=0.361x elapsed=0:00:03.69    frame=   92 fps= 22 q=-0.0 size=     768KiB time=00:00:01.51 bitrate=4148.4kbits/s speed=0.36x elapsed=0:00:04.21    frame=  104 fps= 22 q=-0.0 size=     768KiB time=00:00:01.71 bitrate=3665.1kbits/s speed=0.361x elapsed=0:00:04.75    frame=  115 fps= 22 q=-0.0 size=     768KiB time=00:00:01.90 bitrate=3311.4kbits/s speed=0.361x elapsed=0:00:05.26    frame=  126 fps= 22 q=-0.0 size=    1024KiB time=00:00:02.08 bitrate=4026.7kbits/s speed=0.361x elapsed=0:00:05.77    frame=  140 fps= 22 q=-0.0 size=    1024KiB time=00:00:02.31 bitrate=3621.1kbits/s speed=0.364x elapsed=0:00:06.36    frame=  155 fps= 22 q=-0.0 size=    1280KiB time=00:00:02.56 bitrate=4085.5kbits/s speed=0.366x elapsed=0:00:07.01    frame=  170 fps= 22 q=-0.0 size=    1280KiB time=00:00:02.81 bitrate=3722.9kbits/s speed=0.371x elapsed=0:00:07.59    [mov @ 0x125605660] Starting second pass: moving the moov atom to the beginning of the file
[out#0/mov @ 0x600000490300] video:1564KiB audio:0KiB subtitle:0KiB other streams:0KiB global headers:0KiB muxing overhead: 0.107402%
frame=  180 fps= 23 q=-0.0 Lsize=    1566KiB time=00:00:02.98 bitrate=4299.0kbits/s speed=0.378x elapsed=0:00:07.89    
