ffmpeg version 8.1.2 Copyright (c) 2000-2026 the FFmpeg developers
  built with Apple clang version 16.0.0 (clang-1600.0.26.6)
  configuration: --prefix=/opt/homebrew/Cellar/ffmpeg/8.1.2 --enable-shared --enable-pthreads --enable-version3 --cc=clang --host-cflags= --host-ldflags= --enable-ffplay --enable-gpl --enable-libsvtav1 --enable-libopus --enable-libx264 --enable-libmp3lame --enable-libdav1d --enable-libvmaf --enable-libvpx --enable-libx265 --enable-openssl --enable-videotoolbox --enable-audiotoolbox --enable-neon
  libavutil      60. 26.102 / 60. 26.102
  libavcodec     62. 28.102 / 62. 28.102
  libavformat    62. 12.102 / 62. 12.102
  libavdevice    62.  3.102 / 62.  3.102
  libavfilter    11. 14.102 / 11. 14.102
  libswscale      9.  5.102 /  9.  5.102
  libswresample   6.  3.102 /  6.  3.102
Input #0, image2, from 'hevc/frames/micehd_bat-animation/f%03d.png':
  Duration: 00:00:03.00, start: 0.000000, bitrate: N/A
  Stream #0:0: Video: png, rgba(pc, gbr/unknown/unknown), 320x320 [SAR 1000:1000 DAR 1:1], 30 fps, 30 tbr, 30 tbn
Stream mapping:
  Stream #0:0 -> #0:0 (png (native) -> hevc (hevc_videotoolbox))
Press [q] to stop, [?] for help
[hevc_videotoolbox @ 0x1287050d0] Error setting alpha quality: -12902
IOServiceMatchingfailed for: AppleM2ScalerCSCDriver
    Last message repeated 1 times
Output #0, mov, to 'hevc/out/mort_micehd_bat-animation.mov':
  Metadata:
    encoder         : Lavf62.12.102
  Stream #0:0: Video: hevc (hvc1 / 0x31637668), bgra(pc, gbr/unknown/unknown, progressive), 320x320 [SAR 1:1 DAR 1:1], q=2-31, 30 fps, 15360 tbn
    Metadata:
      encoder         : Lavc62.28.102 hevc_videotoolbox
frame=   10 fps=0.0 q=-0.0 size=       0KiB time=00:00:00.30 bitrate=   1.0kbits/s speed=0.476x elapsed=0:00:00.62    frame=   22 fps= 19 q=-0.0 size=       0KiB time=00:00:00.70 bitrate=   0.4kbits/s speed=0.593x elapsed=0:00:01.18    frame=   33 fps= 19 q=-0.0 size=       0KiB time=00:00:01.06 bitrate=   0.3kbits/s speed=0.61x elapsed=0:00:01.74    frame=   44 fps= 19 q=-0.0 size=     256KiB time=00:00:01.43 bitrate=1463.3kbits/s speed=0.631x elapsed=0:00:02.27    frame=   57 fps= 20 q=-0.0 size=     256KiB time=00:00:01.86 bitrate=1123.6kbits/s speed=0.641x elapsed=0:00:02.91    frame=   68 fps= 19 q=-0.0 size=     256KiB time=00:00:02.23 bitrate= 939.2kbits/s speed=0.638x elapsed=0:00:03.49    frame=   83 fps= 20 q=-0.0 size=     512KiB time=00:00:02.73 bitrate=1534.6kbits/s speed=0.667x elapsed=0:00:04.10    [mov @ 0x128704740] Starting second pass: moving the moov atom to the beginning of the file
[out#0/mov @ 0x6000029e40c0] video:660KiB audio:0KiB subtitle:0KiB other streams:0KiB global headers:0KiB muxing overhead: 0.198580%
frame=   90 fps= 21 q=-0.0 Lsize=     662KiB time=00:00:02.96 bitrate=1827.4kbits/s speed=0.687x elapsed=0:00:04.32    
