ffmpeg version 8.1.2 Copyright (c) 2000-2026 the FFmpeg developers
  built with Apple clang version 16.0.0 (clang-1600.0.26.6)
  configuration: --prefix=/opt/homebrew/Cellar/ffmpeg/8.1.2 --enable-shared --enable-pthreads --enable-version3 --cc=clang --host-cflags= --host-ldflags= --enable-ffplay --enable-gpl --enable-libsvtav1 --enable-libopus --enable-libx264 --enable-libmp3lame --enable-libdav1d --enable-libvmaf --enable-libvpx --enable-libx265 --enable-openssl --enable-videotoolbox --enable-audiotoolbox --enable-neon
  libavutil      60. 26.102 / 60. 26.102
  libavcodec     62. 28.102 / 62. 28.102
  libavformat    62. 12.102 / 62. 12.102
  libavdevice    62.  3.102 / 62.  3.102
  libavfilter    11. 14.102 / 11. 14.102
  libswscale      9.  5.102 /  9.  5.102
  libswresample   6.  3.102 /  6.  3.102
Input #0, image2, from 'hevc/frames/micehd_black_bat/f%03d.png':
  Duration: 00:00:03.00, start: 0.000000, bitrate: N/A
  Stream #0:0: Video: png, rgba(pc, gbr/unknown/unknown), 320x320 [SAR 1000:1000 DAR 1:1], 30 fps, 30 tbr, 30 tbn
Stream mapping:
  Stream #0:0 -> #0:0 (png (native) -> hevc (hevc_videotoolbox))
Press [q] to stop, [?] for help
[hevc_videotoolbox @ 0x145606230] Error setting alpha quality: -12902
IOServiceMatchingfailed for: AppleM2ScalerCSCDriver
    Last message repeated 1 times
Output #0, mov, to 'hevc/out/mort_micehd_black_bat.mov':
  Metadata:
    encoder         : Lavf62.12.102
  Stream #0:0: Video: hevc (hvc1 / 0x31637668), bgra(pc, gbr/unknown/unknown, progressive), 320x320 [SAR 1:1 DAR 1:1], q=2-31, 30 fps, 15360 tbn
    Metadata:
      encoder         : Lavc62.28.102 hevc_videotoolbox
frame=    8 fps=0.0 q=-0.0 size=       0KiB time=00:00:00.23 bitrate=   1.2kbits/s speed=0.366x elapsed=0:00:00.63    frame=   21 fps= 17 q=-0.0 size=       0KiB time=00:00:00.66 bitrate=   0.4kbits/s speed=0.535x elapsed=0:00:01.24    frame=   32 fps= 18 q=-0.0 size=       0KiB time=00:00:01.03 bitrate=   0.3kbits/s speed=0.574x elapsed=0:00:01.79    frame=   43 fps= 18 q=-0.0 size=     256KiB time=00:00:01.40 bitrate=1498.2kbits/s speed=0.59x elapsed=0:00:02.37    frame=   53 fps= 18 q=-0.0 size=     256KiB time=00:00:01.73 bitrate=1210.1kbits/s speed=0.577x elapsed=0:00:03.00    frame=   66 fps= 18 q=-0.0 size=     256KiB time=00:00:02.16 bitrate= 968.0kbits/s speed=0.598x elapsed=0:00:03.62    frame=   82 fps= 19 q=-0.0 size=     512KiB time=00:00:02.70 bitrate=1553.6kbits/s speed=0.633x elapsed=0:00:04.26    [mov @ 0x145605200] Starting second pass: moving the moov atom to the beginning of the file
[out#0/mov @ 0x6000009d4300] video:620KiB audio:0KiB subtitle:0KiB other streams:0KiB global headers:0KiB muxing overhead: 0.211585%
frame=   90 fps= 20 q=-0.0 Lsize=     621KiB time=00:00:02.96 bitrate=1715.3kbits/s speed=0.652x elapsed=0:00:04.55    
