ffmpeg version 8.1.1 Copyright (c) 2000-2026 the FFmpeg developers
  built with Apple clang version 16.0.0 (clang-1600.0.26.6)
  configuration: --prefix=/opt/homebrew/Cellar/ffmpeg/8.1.1 --enable-shared --enable-pthreads --enable-version3 --cc=clang --host-cflags= --host-ldflags= --enable-ffplay --enable-gpl --enable-libsvtav1 --enable-libopus --enable-libx264 --enable-libmp3lame --enable-libdav1d --enable-libvmaf --enable-libvpx --enable-libx265 --enable-openssl --enable-videotoolbox --enable-audiotoolbox --enable-neon
  libavutil      60. 26.101 / 60. 26.101
  libavcodec     62. 28.101 / 62. 28.101
  libavformat    62. 12.101 / 62. 12.101
  libavdevice    62.  3.101 / 62.  3.101
  libavfilter    11. 14.101 / 11. 14.101
  libswscale      9.  5.101 /  9.  5.101
  libswresample   6.  3.101 /  6.  3.101
Input #0, image2, from 'hevc/frames/zwin1/f%03d.png':
  Duration: 00:00:02.00, start: 0.000000, bitrate: N/A
  Stream #0:0: Video: png, rgba(pc, gbr/unknown/unknown), 759x759, 30 fps, 30 tbr, 30 tbn
Stream mapping:
  Stream #0:0 -> #0:0 (png (native) -> hevc (hevc_videotoolbox))
Press [q] to stop, [?] for help
IOServiceMatchingfailed for: AppleM2ScalerCSCDriver
Output #0, mov, to 'hevc/out/mort_zwin1.mov':
  Metadata:
    encoder         : Lavf62.12.101
  Stream #0:0: Video: hevc (hvc1 / 0x31637668), bgra(pc, gbr/unknown/unknown, progressive), 759x759, q=2-31, 30 fps, 15360 tbn
    Metadata:
      encoder         : Lavc62.28.101 hevc_videotoolbox
frame=    1 fps=0.0 q=-0.0 size=       0KiB time=00:00:00.00 bitrate=N/A speed=   0x elapsed=0:00:00.54    frame=    6 fps=5.5 q=-0.0 size=       0KiB time=00:00:00.16 bitrate=   1.7kbits/s speed=0.153x elapsed=0:00:01.08    frame=   11 fps=6.6 q=-0.0 size=       0KiB time=00:00:00.33 bitrate=   0.9kbits/s speed=0.201x elapsed=0:00:01.66    frame=   16 fps=7.2 q=-0.0 size=       0KiB time=00:00:00.50 bitrate=   0.6kbits/s speed=0.224x elapsed=0:00:02.23    frame=   20 fps=7.3 q=-0.0 size=       0KiB time=00:00:00.63 bitrate=   0.5kbits/s speed=0.231x elapsed=0:00:02.74    frame=   25 fps=7.6 q=-0.0 size=     256KiB time=00:00:00.80 bitrate=2621.8kbits/s speed=0.242x elapsed=0:00:03.30    frame=   30 fps=7.9 q=-0.0 size=     256KiB time=00:00:00.96 bitrate=2169.8kbits/s speed=0.254x elapsed=0:00:03.81    frame=   37 fps=8.4 q=-0.0 size=     256KiB time=00:00:01.20 bitrate=1747.9kbits/s speed=0.274x elapsed=0:00:04.37    frame=   43 fps=8.8 q=-0.0 size=     256KiB time=00:00:01.40 bitrate=1498.2kbits/s speed=0.286x elapsed=0:00:04.88    frame=   47 fps=8.7 q=-0.0 size=     512KiB time=00:00:01.53 bitrate=2735.6kbits/s speed=0.283x elapsed=0:00:05.41    frame=   52 fps=8.7 q=-0.0 size=     512KiB time=00:00:01.70 bitrate=2467.4kbits/s speed=0.286x elapsed=0:00:05.94    [mov @ 0x14ef05360] Starting second pass: moving the moov atom to the beginning of the file
[out#0/mov @ 0x600002f84180] video:634KiB audio:0KiB subtitle:0KiB other streams:0KiB global headers:0KiB muxing overhead: 0.182541%
frame=   60 fps=9.4 q=-0.0 Lsize=     636KiB time=00:00:01.96 bitrate=2647.7kbits/s speed=0.307x elapsed=0:00:06.40    
