ffmpeg version 8.1.1 Copyright (c) 2000-2026 the FFmpeg developers
  built with Apple clang version 16.0.0 (clang-1600.0.26.6)
  configuration: --prefix=/opt/homebrew/Cellar/ffmpeg/8.1.1 --enable-shared --enable-pthreads --enable-version3 --cc=clang --host-cflags= --host-ldflags= --enable-ffplay --enable-gpl --enable-libsvtav1 --enable-libopus --enable-libx264 --enable-libmp3lame --enable-libdav1d --enable-libvmaf --enable-libvpx --enable-libx265 --enable-openssl --enable-videotoolbox --enable-audiotoolbox --enable-neon
  libavutil      60. 26.101 / 60. 26.101
  libavcodec     62. 28.101 / 62. 28.101
  libavformat    62. 12.101 / 62. 12.101
  libavdevice    62.  3.101 / 62.  3.101
  libavfilter    11. 14.101 / 11. 14.101
  libswscale      9.  5.101 /  9.  5.101
  libswresample   6.  3.101 /  6.  3.101
Input #0, image2, from 'hevc/frames/zwin4/f%03d.png':
  Duration: 00:00:02.00, start: 0.000000, bitrate: N/A
  Stream #0:0: Video: png, rgba(pc, gbr/unknown/unknown), 759x759, 30 fps, 30 tbr, 30 tbn
Stream mapping:
  Stream #0:0 -> #0:0 (png (native) -> hevc (hevc_videotoolbox))
Press [q] to stop, [?] for help
IOServiceMatchingfailed for: AppleM2ScalerCSCDriver
Output #0, mov, to 'hevc/out/mort_zwin4.mov':
  Metadata:
    encoder         : Lavf62.12.101
  Stream #0:0: Video: hevc (hvc1 / 0x31637668), bgra(pc, gbr/unknown/unknown, progressive), 759x759, q=2-31, 30 fps, 15360 tbn
    Metadata:
      encoder         : Lavc62.28.101 hevc_videotoolbox
frame=    1 fps=0.0 q=-0.0 size=       0KiB time=00:00:00.00 bitrate=N/A speed=   0x elapsed=0:00:00.52    frame=    6 fps=5.6 q=-0.0 size=       0KiB time=00:00:00.16 bitrate=   1.7kbits/s speed=0.157x elapsed=0:00:01.06    frame=   10 fps=6.4 q=-0.0 size=       0KiB time=00:00:00.30 bitrate=   1.0kbits/s speed=0.191x elapsed=0:00:01.57    frame=   14 fps=6.7 q=-0.0 size=       0KiB time=00:00:00.43 bitrate=   0.7kbits/s speed=0.209x elapsed=0:00:02.07    frame=   18 fps=7.0 q=-0.0 size=       0KiB time=00:00:00.56 bitrate=   0.5kbits/s speed=0.22x elapsed=0:00:02.57    frame=   22 fps=7.0 q=-0.0 size=     256KiB time=00:00:00.70 bitrate=2996.3kbits/s speed=0.222x elapsed=0:00:03.14    frame=   26 fps=7.0 q=-0.0 size=     256KiB time=00:00:00.83 bitrate=2516.9kbits/s speed=0.224x elapsed=0:00:03.71    frame=   32 fps=7.5 q=-0.0 size=     256KiB time=00:00:01.03 bitrate=2029.8kbits/s speed=0.241x elapsed=0:00:04.28    frame=   37 fps=7.7 q=-0.0 size=     256KiB time=00:00:01.20 bitrate=1747.9kbits/s speed=0.25x elapsed=0:00:04.79    frame=   43 fps=8.0 q=-0.0 size=     512KiB time=00:00:01.40 bitrate=2996.1kbits/s speed=0.261x elapsed=0:00:05.36    frame=   47 fps=8.0 q=-0.0 size=     512KiB time=00:00:01.53 bitrate=2735.6kbits/s speed=0.26x elapsed=0:00:05.89    frame=   53 fps=8.2 q=-0.0 size=     512KiB time=00:00:01.73 bitrate=2420.0kbits/s speed=0.268x elapsed=0:00:06.46    [mov @ 0x153f04680] Starting second pass: moving the moov atom to the beginning of the file
[out#0/mov @ 0x600002d040c0] video:722KiB audio:0KiB subtitle:0KiB other streams:0KiB global headers:0KiB muxing overhead: 0.160401%
frame=   60 fps=8.7 q=-0.0 Lsize=     723KiB time=00:00:01.96 bitrate=3012.5kbits/s speed=0.285x elapsed=0:00:06.90    
