ffmpeg version 8.1.2 Copyright (c) 2000-2026 the FFmpeg developers
  built with Apple clang version 16.0.0 (clang-1600.0.26.6)
  configuration: --prefix=/opt/homebrew/Cellar/ffmpeg/8.1.2 --enable-shared --enable-pthreads --enable-version3 --cc=clang --host-cflags= --host-ldflags= --enable-ffplay --enable-gpl --enable-libsvtav1 --enable-libopus --enable-libx264 --enable-libmp3lame --enable-libdav1d --enable-libvmaf --enable-libvpx --enable-libx265 --enable-openssl --enable-videotoolbox --enable-audiotoolbox --enable-neon
  libavutil      60. 26.102 / 60. 26.102
  libavcodec     62. 28.102 / 62. 28.102
  libavformat    62. 12.102 / 62. 12.102
  libavdevice    62.  3.102 / 62.  3.102
  libavfilter    11. 14.102 / 11. 14.102
  libswscale      9.  5.102 /  9.  5.102
  libswresample   6.  3.102 /  6.  3.102
Input #0, image2, from 'hevc/frames/zwin2_1/f%03d.png':
  Duration: 00:00:02.00, start: 0.000000, bitrate: N/A
  Stream #0:0: Video: png, rgba(pc, gbr/unknown/unknown), 1084x1084 [SAR 1000:1000 DAR 1:1], 30 fps, 30 tbr, 30 tbn
Stream mapping:
  Stream #0:0 -> #0:0 (png (native) -> hevc (hevc_videotoolbox))
Press [q] to stop, [?] for help
[hevc_videotoolbox @ 0x132606680] Error setting alpha quality: -12902
IOServiceMatchingfailed for: AppleM2ScalerCSCDriver
    Last message repeated 1 times
Output #0, mov, to 'hevc/out/mort_zwin2_1.mov':
  Metadata:
    encoder         : Lavf62.12.102
  Stream #0:0: Video: hevc (hvc1 / 0x31637668), bgra(pc, gbr/unknown/unknown, progressive), 1084x1084 [SAR 1:1 DAR 1:1], q=2-31, 30 fps, 15360 tbn
    Metadata:
      encoder         : Lavc62.28.102 hevc_videotoolbox
frame=    0 fps=0.0 q=0.0 size=       0KiB time=N/A bitrate=N/A speed=N/A elapsed=0:00:00.64    frame=    4 fps=3.2 q=-0.0 size=       0KiB time=00:00:00.10 bitrate=   2.9kbits/s speed=0.0802x elapsed=0:00:01.24    frame=    8 fps=4.4 q=-0.0 size=       0KiB time=00:00:00.23 bitrate=   1.2kbits/s speed=0.128x elapsed=0:00:01.82    frame=   11 fps=4.6 q=-0.0 size=       0KiB time=00:00:00.33 bitrate=   0.9kbits/s speed=0.138x elapsed=0:00:02.40    frame=   14 fps=4.8 q=-0.0 size=       0KiB time=00:00:00.43 bitrate=   0.7kbits/s speed=0.147x elapsed=0:00:02.94    frame=   17 fps=4.9 q=-0.0 size=       0KiB time=00:00:00.53 bitrate=   0.5kbits/s speed=0.154x elapsed=0:00:03.46    frame=   20 fps=4.9 q=-0.0 size=       0KiB time=00:00:00.63 bitrate=   0.5kbits/s speed=0.156x elapsed=0:00:04.06    frame=   24 fps=5.1 q=-0.0 size=     256KiB time=00:00:00.76 bitrate=2735.8kbits/s speed=0.162x elapsed=0:00:04.71    frame=   28 fps=5.2 q=-0.0 size=     256KiB time=00:00:00.90 bitrate=2330.5kbits/s speed=0.169x elapsed=0:00:05.33    frame=   33 fps=5.5 q=-0.0 size=     256KiB time=00:00:01.06 bitrate=1966.3kbits/s speed=0.179x elapsed=0:00:05.95    frame=   36 fps=5.6 q=-0.0 size=     256KiB time=00:00:01.16 bitrate=1797.8kbits/s speed=0.18x elapsed=0:00:06.47    frame=   41 fps=5.8 q=-0.0 size=     256KiB time=00:00:01.33 bitrate=1573.1kbits/s speed=0.19x elapsed=0:00:07.01    frame=   44 fps=5.8 q=-0.0 size=     512KiB time=00:00:01.43 bitrate=2926.5kbits/s speed=0.191x elapsed=0:00:07.52    frame=   47 fps=5.8 q=-0.0 size=     512KiB time=00:00:01.53 bitrate=2735.6kbits/s speed=0.188x elapsed=0:00:08.13    frame=   51 fps=5.8 q=-0.0 size=     512KiB time=00:00:01.66 bitrate=2516.8kbits/s speed=0.19x elapsed=0:00:08.76    frame=   55 fps=5.9 q=-0.0 size=     512KiB time=00:00:01.80 bitrate=2330.3kbits/s speed=0.194x elapsed=0:00:09.28    [mov @ 0x132605660] Starting second pass: moving the moov atom to the beginning of the file
[out#0/mov @ 0x60000051c300] video:660KiB audio:0KiB subtitle:0KiB other streams:0KiB global headers:0KiB muxing overhead: 0.179873%
frame=   60 fps=6.2 q=-0.0 Lsize=     661KiB time=00:00:01.96 bitrate=2752.6kbits/s speed=0.203x elapsed=0:00:09.70    
