ffmpeg version 8.1.1 Copyright (c) 2000-2026 the FFmpeg developers
  built with Apple clang version 16.0.0 (clang-1600.0.26.6)
  configuration: --prefix=/opt/homebrew/Cellar/ffmpeg/8.1.1 --enable-shared --enable-pthreads --enable-version3 --cc=clang --host-cflags= --host-ldflags= --enable-ffplay --enable-gpl --enable-libsvtav1 --enable-libopus --enable-libx264 --enable-libmp3lame --enable-libdav1d --enable-libvmaf --enable-libvpx --enable-libx265 --enable-openssl --enable-videotoolbox --enable-audiotoolbox --enable-neon
  libavutil      60. 26.101 / 60. 26.101
  libavcodec     62. 28.101 / 62. 28.101
  libavformat    62. 12.101 / 62. 12.101
  libavdevice    62.  3.101 / 62.  3.101
  libavfilter    11. 14.101 / 11. 14.101
  libswscale      9.  5.101 /  9.  5.101
  libswresample   6.  3.101 /  6.  3.101
Input #0, image2, from 'hevc/frames/zwinHQ1/f%03d.png':
  Duration: 00:00:02.00, start: 0.000000, bitrate: N/A
  Stream #0:0: Video: png, rgba(pc, gbr/unknown/unknown), 1409x1409 [SAR 1000:1000 DAR 1:1], 30 fps, 30 tbr, 30 tbn
Stream mapping:
  Stream #0:0 -> #0:0 (png (native) -> hevc (hevc_videotoolbox))
Press [q] to stop, [?] for help
[hevc_videotoolbox @ 0x1597050d0] Error setting alpha quality: -12902
IOServiceMatchingfailed for: AppleM2ScalerCSCDriver
    Last message repeated 1 times
Output #0, mov, to 'hevc/out/mort_zwinHQ1.mov':
  Metadata:
    encoder         : Lavf62.12.101
  Stream #0:0: Video: hevc (hvc1 / 0x31637668), bgra(pc, gbr/unknown/unknown, progressive), 1409x1409 [SAR 1:1 DAR 1:1], q=2-31, 30 fps, 15360 tbn
    Metadata:
      encoder         : Lavc62.28.101 hevc_videotoolbox
frame=    0 fps=0.0 q=0.0 size=       0KiB time=N/A bitrate=N/A speed=N/A elapsed=0:00:00.50    frame=    2 fps=2.0 q=-0.0 size=       0KiB time=00:00:00.03 bitrate=   8.6kbits/s speed=0.0327x elapsed=0:00:01.02    frame=    5 fps=3.3 q=-0.0 size=       0KiB time=00:00:00.13 bitrate=   2.2kbits/s speed=0.0869x elapsed=0:00:01.53    frame=    8 fps=3.9 q=-0.0 size=       0KiB time=00:00:00.23 bitrate=   1.2kbits/s speed=0.112x elapsed=0:00:02.07    frame=   11 fps=4.2 q=-0.0 size=       0KiB time=00:00:00.33 bitrate=   0.9kbits/s speed=0.126x elapsed=0:00:02.63    frame=   13 fps=4.1 q=-0.0 size=     256KiB time=00:00:00.40 bitrate=5243.6kbits/s speed=0.125x elapsed=0:00:03.20    frame=   15 fps=4.0 q=-0.0 size=     256KiB time=00:00:00.46 bitrate=4494.5kbits/s speed=0.125x elapsed=0:00:03.74    frame=   18 fps=4.2 q=-0.0 size=     256KiB time=00:00:00.56 bitrate=3701.4kbits/s speed=0.132x elapsed=0:00:04.30    frame=   21 fps=4.3 q=-0.0 size=     512KiB time=00:00:00.66 bitrate=6291.9kbits/s speed=0.137x elapsed=0:00:04.87    frame=   23 fps=4.2 q=-0.0 size=     512KiB time=00:00:00.73 bitrate=5719.9kbits/s speed=0.135x elapsed=0:00:05.44    frame=   26 fps=4.3 q=-0.0 size=     512KiB time=00:00:00.83 bitrate=5033.5kbits/s speed=0.139x elapsed=0:00:05.99    frame=   29 fps=4.5 q=-0.0 size=     768KiB time=00:00:00.93 bitrate=6741.2kbits/s speed=0.143x elapsed=0:00:06.50    frame=   33 fps=4.7 q=-0.0 size=     768KiB time=00:00:01.06 bitrate=5898.5kbits/s speed=0.152x elapsed=0:00:07.02    frame=   35 fps=4.6 q=-0.0 size=     768KiB time=00:00:01.13 bitrate=5551.5kbits/s speed=0.15x elapsed=0:00:07.55    frame=   39 fps=4.8 q=-0.0 size=    1024KiB time=00:00:01.26 bitrate=6622.8kbits/s speed=0.156x elapsed=0:00:08.12    frame=   42 fps=4.8 q=-0.0 size=    1024KiB time=00:00:01.36 bitrate=6138.2kbits/s speed=0.157x elapsed=0:00:08.69    frame=   46 fps=5.0 q=-0.0 size=    1024KiB time=00:00:01.50 bitrate=5592.6kbits/s speed=0.162x elapsed=0:00:09.26    frame=   47 fps=4.8 q=-0.0 size=    1024KiB time=00:00:01.53 bitrate=5471.0kbits/s speed=0.156x elapsed=0:00:09.80    frame=   50 fps=4.8 q=-0.0 size=    1280KiB time=00:00:01.63 bitrate=6420.0kbits/s speed=0.157x elapsed=0:00:10.37    frame=   54 fps=4.9 q=-0.0 size=    1280KiB time=00:00:01.76 bitrate=5935.5kbits/s speed=0.162x elapsed=0:00:10.91    [mov @ 0x159704740] Starting second pass: moving the moov atom to the beginning of the file
[out#0/mov @ 0x6000018f00c0] video:1447KiB audio:0KiB subtitle:0KiB other streams:0KiB global headers:0KiB muxing overhead: 0.083095%
frame=   60 fps=5.3 q=-0.0 Lsize=    1448KiB time=00:00:01.96 bitrate=6031.2kbits/s speed=0.172x elapsed=0:00:11.42    
