ffmpeg version 8.1.2 Copyright (c) 2000-2026 the FFmpeg developers
  built with Apple clang version 16.0.0 (clang-1600.0.26.6)
  configuration: --prefix=/opt/homebrew/Cellar/ffmpeg/8.1.2 --enable-shared --enable-pthreads --enable-version3 --cc=clang --host-cflags= --host-ldflags= --enable-ffplay --enable-gpl --enable-libsvtav1 --enable-libopus --enable-libx264 --enable-libmp3lame --enable-libdav1d --enable-libvmaf --enable-libvpx --enable-libx265 --enable-openssl --enable-videotoolbox --enable-audiotoolbox --enable-neon
  libavutil      60. 26.102 / 60. 26.102
  libavcodec     62. 28.102 / 62. 28.102
  libavformat    62. 12.102 / 62. 12.102
  libavdevice    62.  3.102 / 62.  3.102
  libavfilter    11. 14.102 / 11. 14.102
  libswscale      9.  5.102 /  9.  5.102
  libswresample   6.  3.102 /  6.  3.102
Input #0, image2, from 'hevc/frames/zwin2_4/f%03d.png':
  Duration: 00:00:02.00, start: 0.000000, bitrate: N/A
  Stream #0:0: Video: png, rgba(pc, gbr/unknown/unknown), 1084x1084 [SAR 1000:1000 DAR 1:1], 30 fps, 30 tbr, 30 tbn
Stream mapping:
  Stream #0:0 -> #0:0 (png (native) -> hevc (hevc_videotoolbox))
Press [q] to stop, [?] for help
[hevc_videotoolbox @ 0x140606680] Error setting alpha quality: -12902
IOServiceMatchingfailed for: AppleM2ScalerCSCDriver
    Last message repeated 1 times
Output #0, mov, to 'hevc/out/mort_zwin2_4.mov':
  Metadata:
    encoder         : Lavf62.12.102
  Stream #0:0: Video: hevc (hvc1 / 0x31637668), bgra(pc, gbr/unknown/unknown, progressive), 1084x1084 [SAR 1:1 DAR 1:1], q=2-31, 30 fps, 15360 tbn
    Metadata:
      encoder         : Lavc62.28.102 hevc_videotoolbox
frame=    1 fps=0.0 q=-0.0 size=       0KiB time=00:00:00.00 bitrate=N/A speed=   0x elapsed=0:00:00.57    frame=    7 fps=6.1 q=-0.0 size=       0KiB time=00:00:00.20 bitrate=   1.4kbits/s speed=0.175x elapsed=0:00:01.14    frame=   11 fps=6.5 q=-0.0 size=       0KiB time=00:00:00.33 bitrate=   0.9kbits/s speed=0.197x elapsed=0:00:01.69    frame=   15 fps=6.8 q=-0.0 size=       0KiB time=00:00:00.46 bitrate=   0.6kbits/s speed=0.212x elapsed=0:00:02.20    frame=   19 fps=6.9 q=-0.0 size=     256KiB time=00:00:00.60 bitrate=3495.7kbits/s speed=0.217x elapsed=0:00:02.76    frame=   23 fps=7.0 q=-0.0 size=     256KiB time=00:00:00.73 bitrate=2860.1kbits/s speed=0.224x elapsed=0:00:03.27    frame=   27 fps=7.0 q=-0.0 size=     256KiB time=00:00:00.86 bitrate=2420.1kbits/s speed=0.226x elapsed=0:00:03.83    frame=   34 fps=7.7 q=-0.0 size=     256KiB time=00:00:01.10 bitrate=1906.8kbits/s speed=0.25x elapsed=0:00:04.40    frame=   39 fps=7.8 q=-0.0 size=     512KiB time=00:00:01.26 bitrate=3311.5kbits/s speed=0.255x elapsed=0:00:04.97    frame=   45 fps=8.2 q=-0.0 size=     512KiB time=00:00:01.46 bitrate=2859.9kbits/s speed=0.268x elapsed=0:00:05.47    frame=   48 fps=8.0 q=-0.0 size=     512KiB time=00:00:01.56 bitrate=2677.4kbits/s speed=0.261x elapsed=0:00:05.99    frame=   54 fps=8.3 q=-0.0 size=     512KiB time=00:00:01.76 bitrate=2374.3kbits/s speed=0.271x elapsed=0:00:06.52    [mov @ 0x140605660] Starting second pass: moving the moov atom to the beginning of the file
[out#0/mov @ 0x6000002ac300] video:805KiB audio:0KiB subtitle:0KiB other streams:0KiB global headers:0KiB muxing overhead: 0.147397%
frame=   60 fps=8.8 q=-0.0 Lsize=     806KiB time=00:00:01.96 bitrate=3358.1kbits/s speed=0.288x elapsed=0:00:06.83    
