ffmpeg version 8.1.2 Copyright (c) 2000-2026 the FFmpeg developers
  built with Apple clang version 16.0.0 (clang-1600.0.26.6)
  configuration: --prefix=/opt/homebrew/Cellar/ffmpeg/8.1.2 --enable-shared --enable-pthreads --enable-version3 --cc=clang --host-cflags= --host-ldflags= --enable-ffplay --enable-gpl --enable-libsvtav1 --enable-libopus --enable-libx264 --enable-libmp3lame --enable-libdav1d --enable-libvmaf --enable-libvpx --enable-libx265 --enable-openssl --enable-videotoolbox --enable-audiotoolbox --enable-neon
  libavutil      60. 26.102 / 60. 26.102
  libavcodec     62. 28.102 / 62. 28.102
  libavformat    62. 12.102 / 62. 12.102
  libavdevice    62.  3.102 / 62.  3.102
  libavfilter    11. 14.102 / 11. 14.102
  libswscale      9.  5.102 /  9.  5.102
  libswresample   6.  3.102 /  6.  3.102
Input #0, image2, from 'hevc/frames/zwin2_3/f%03d.png':
  Duration: 00:00:02.00, start: 0.000000, bitrate: N/A
  Stream #0:0: Video: png, rgba(pc, gbr/unknown/unknown), 1084x1084 [SAR 1000:1000 DAR 1:1], 30 fps, 30 tbr, 30 tbn
Stream mapping:
  Stream #0:0 -> #0:0 (png (native) -> hevc (hevc_videotoolbox))
Press [q] to stop, [?] for help
[hevc_videotoolbox @ 0x155f06a10] Error setting alpha quality: -12902
IOServiceMatchingfailed for: AppleM2ScalerCSCDriver
    Last message repeated 1 times
Output #0, mov, to 'hevc/out/mort_zwin2_3.mov':
  Metadata:
    encoder         : Lavf62.12.102
  Stream #0:0: Video: hevc (hvc1 / 0x31637668), bgra(pc, gbr/unknown/unknown, progressive), 1084x1084 [SAR 1:1 DAR 1:1], q=2-31, 30 fps, 15360 tbn
    Metadata:
      encoder         : Lavc62.28.102 hevc_videotoolbox
frame=    0 fps=0.0 q=0.0 size=       0KiB time=N/A bitrate=N/A speed=N/A elapsed=0:00:00.54    frame=    3 fps=2.7 q=-0.0 size=       0KiB time=00:00:00.06 bitrate=   4.3kbits/s speed=0.0596x elapsed=0:00:01.11    frame=    7 fps=4.2 q=-0.0 size=       0KiB time=00:00:00.20 bitrate=   1.4kbits/s speed=0.12x elapsed=0:00:01.67    frame=   10 fps=4.5 q=-0.0 size=       0KiB time=00:00:00.30 bitrate=   1.0kbits/s speed=0.134x elapsed=0:00:02.24    frame=   12 fps=4.3 q=-0.0 size=       0KiB time=00:00:00.36 bitrate=   0.8kbits/s speed=0.133x elapsed=0:00:02.76    frame=   15 fps=4.6 q=-0.0 size=       0KiB time=00:00:00.46 bitrate=   0.6kbits/s speed=0.142x elapsed=0:00:03.28    frame=   17 fps=4.5 q=-0.0 size=       0KiB time=00:00:00.53 bitrate=   0.5kbits/s speed=0.141x elapsed=0:00:03.78    frame=   19 fps=4.4 q=-0.0 size=       0KiB time=00:00:00.60 bitrate=   0.5kbits/s speed=0.14x elapsed=0:00:04.29    frame=   23 fps=4.7 q=-0.0 size=     256KiB time=00:00:00.73 bitrate=2860.1kbits/s speed=0.151x elapsed=0:00:04.86    frame=   25 fps=4.6 q=-0.0 size=     256KiB time=00:00:00.80 bitrate=2621.8kbits/s speed=0.147x elapsed=0:00:05.44    frame=   29 fps=4.8 q=-0.0 size=     256KiB time=00:00:00.93 bitrate=2247.3kbits/s speed=0.155x elapsed=0:00:06.01    frame=   33 fps=5.0 q=-0.0 size=     256KiB time=00:00:01.06 bitrate=1966.3kbits/s speed=0.162x elapsed=0:00:06.58    frame=   35 fps=4.9 q=-0.0 size=     256KiB time=00:00:01.13 bitrate=1850.7kbits/s speed=0.16x elapsed=0:00:07.09    frame=   40 fps=5.2 q=-0.0 size=     256KiB time=00:00:01.30 bitrate=1613.4kbits/s speed=0.171x elapsed=0:00:07.61    frame=   43 fps=5.3 q=-0.0 size=     512KiB time=00:00:01.40 bitrate=2996.1kbits/s speed=0.172x elapsed=0:00:08.12    frame=   47 fps=5.4 q=-0.0 size=     512KiB time=00:00:01.53 bitrate=2735.6kbits/s speed=0.177x elapsed=0:00:08.68    frame=   49 fps=5.3 q=-0.0 size=     512KiB time=00:00:01.60 bitrate=2621.6kbits/s speed=0.174x elapsed=0:00:09.20    frame=   52 fps=5.4 q=-0.0 size=     512KiB time=00:00:01.70 bitrate=2467.4kbits/s speed=0.175x elapsed=0:00:09.70    frame=   55 fps=5.4 q=-0.0 size=     512KiB time=00:00:01.80 bitrate=2330.3kbits/s speed=0.176x elapsed=0:00:10.23    [mov @ 0x155f05d90] Starting second pass: moving the moov atom to the beginning of the file
[out#0/mov @ 0x600001f8c3c0] video:700KiB audio:0KiB subtitle:0KiB other streams:0KiB global headers:0KiB muxing overhead: 0.169424%
frame=   60 fps=5.7 q=-0.0 Lsize=     702KiB time=00:00:01.96 bitrate=2922.1kbits/s speed=0.186x elapsed=0:00:10.56    
