ffmpeg version 8.1.2 Copyright (c) 2000-2026 the FFmpeg developers
  built with Apple clang version 16.0.0 (clang-1600.0.26.6)
  configuration: --prefix=/opt/homebrew/Cellar/ffmpeg/8.1.2 --enable-shared --enable-pthreads --enable-version3 --cc=clang --host-cflags= --host-ldflags= --enable-ffplay --enable-gpl --enable-libsvtav1 --enable-libopus --enable-libx264 --enable-libmp3lame --enable-libdav1d --enable-libvmaf --enable-libvpx --enable-libx265 --enable-openssl --enable-videotoolbox --enable-audiotoolbox --enable-neon
  libavutil      60. 26.102 / 60. 26.102
  libavcodec     62. 28.102 / 62. 28.102
  libavformat    62. 12.102 / 62. 12.102
  libavdevice    62.  3.102 / 62.  3.102
  libavfilter    11. 14.102 / 11. 14.102
  libswscale      9.  5.102 /  9.  5.102
  libswresample   6.  3.102 /  6.  3.102
Input #0, image2, from 'hevc/frames/zwin2_2/f%03d.png':
  Duration: 00:00:02.00, start: 0.000000, bitrate: N/A
  Stream #0:0: Video: png, rgba(pc, gbr/unknown/unknown), 1084x1084 [SAR 1000:1000 DAR 1:1], 30 fps, 30 tbr, 30 tbn
Stream mapping:
  Stream #0:0 -> #0:0 (png (native) -> hevc (hevc_videotoolbox))
Press [q] to stop, [?] for help
[hevc_videotoolbox @ 0x158706330] Error setting alpha quality: -12902
IOServiceMatchingfailed for: AppleM2ScalerCSCDriver
    Last message repeated 1 times
Output #0, mov, to 'hevc/out/mort_zwin2_2.mov':
  Metadata:
    encoder         : Lavf62.12.102
  Stream #0:0: Video: hevc (hvc1 / 0x31637668), bgra(pc, gbr/unknown/unknown, progressive), 1084x1084 [SAR 1:1 DAR 1:1], q=2-31, 30 fps, 15360 tbn
    Metadata:
      encoder         : Lavc62.28.102 hevc_videotoolbox
frame=    0 fps=0.0 q=0.0 size=       0KiB time=N/A bitrate=N/A speed=N/A elapsed=0:00:00.52    frame=    3 fps=2.6 q=-0.0 size=       0KiB time=00:00:00.06 bitrate=   4.3kbits/s speed=0.0571x elapsed=0:00:01.16    frame=    6 fps=3.5 q=-0.0 size=       0KiB time=00:00:00.16 bitrate=   1.7kbits/s speed=0.0964x elapsed=0:00:01.72    frame=   10 fps=4.3 q=-0.0 size=       0KiB time=00:00:00.30 bitrate=   1.0kbits/s speed=0.129x elapsed=0:00:02.33    frame=   11 fps=3.9 q=-0.0 size=       0KiB time=00:00:00.33 bitrate=   0.9kbits/s speed=0.117x elapsed=0:00:02.84    frame=   14 fps=4.1 q=-0.0 size=       0KiB time=00:00:00.43 bitrate=   0.7kbits/s speed=0.128x elapsed=0:00:03.37    frame=   17 fps=4.2 q=-0.0 size=       0KiB time=00:00:00.53 bitrate=   0.5kbits/s speed=0.133x elapsed=0:00:04.00    frame=   20 fps=4.3 q=-0.0 size=     256KiB time=00:00:00.63 bitrate=3311.7kbits/s speed=0.136x elapsed=0:00:04.64    frame=   24 fps=4.6 q=-0.0 size=     256KiB time=00:00:00.76 bitrate=2735.8kbits/s speed=0.146x elapsed=0:00:05.26    frame=   27 fps=4.6 q=-0.0 size=     256KiB time=00:00:00.86 bitrate=2420.1kbits/s speed=0.148x elapsed=0:00:05.84    frame=   31 fps=4.9 q=-0.0 size=     256KiB time=00:00:01.00 bitrate=2097.4kbits/s speed=0.157x elapsed=0:00:06.37    frame=   35 fps=5.0 q=-0.0 size=     256KiB time=00:00:01.13 bitrate=1850.7kbits/s speed=0.161x elapsed=0:00:07.02    frame=   39 fps=5.1 q=-0.0 size=     512KiB time=00:00:01.26 bitrate=3311.5kbits/s speed=0.167x elapsed=0:00:07.57    frame=   42 fps=5.2 q=-0.0 size=     512KiB time=00:00:01.36 bitrate=3069.2kbits/s speed=0.169x elapsed=0:00:08.07    frame=   46 fps=5.3 q=-0.0 size=     512KiB time=00:00:01.50 bitrate=2796.4kbits/s speed=0.173x elapsed=0:00:08.66    frame=   47 fps=5.1 q=-0.0 size=     512KiB time=00:00:01.53 bitrate=2735.6kbits/s speed=0.167x elapsed=0:00:09.17    frame=   51 fps=5.3 q=-0.0 size=     512KiB time=00:00:01.66 bitrate=2516.8kbits/s speed=0.172x elapsed=0:00:09.69    frame=   55 fps=5.3 q=-0.0 size=     512KiB time=00:00:01.80 bitrate=2330.3kbits/s speed=0.174x elapsed=0:00:10.32    [mov @ 0x1587056b0] Starting second pass: moving the moov atom to the beginning of the file
[out#0/mov @ 0x600000944180] video:739KiB audio:0KiB subtitle:0KiB other streams:0KiB global headers:0KiB muxing overhead: 0.160588%
frame=   60 fps=5.6 q=-0.0 Lsize=     740KiB time=00:00:01.96 bitrate=3082.6kbits/s speed=0.183x elapsed=0:00:10.72    
